// Jest Snapshot v1, https://goo.gl/fbAQLP

exports[`check that box renders correctly renders correctly 1`] = `ShallowWrapper {}`;
