// Jest Snapshot v1, https://goo.gl/fbAQLP

exports[`matches snapshot 1`] = `
<div
  className="BoxList"
>
  <NewBoxForm
    addBox={[Function]}
  />
</div>
`;
